// Jest Snapshot v1, https://goo.gl/fbAQLP

exports[`eslint.js 1`] = `
/*eslint space-before-function-paren: "error"*/
/*eslint-env es6*/

function foo() {
    // ...
}

var bar = function() {
    // ...
};

var bar = function foo() {
    // ...
};

class Foo {
    constructor() {
        // ...
    }
}

var foo = {
    bar() {
        // ...
    }
};

var foo = async() => 1
~~~~~~~~~~~~~~~~~~~~~~~~~~~~~~~~~~~~~~~~~~~~~~~~~~~~~~~~~~~~~~~~~~~~~~~~~~~~~~~~
/*eslint space-before-function-paren: "error"*/
/*eslint-env es6*/

function foo() {
  // ...
}

var bar = function() {
  // ...
};

var bar = function foo() {
  // ...
};

class Foo {
  constructor() {
    // ...
  }
}

var foo = {
  bar() {
    // ...
  }
};

var foo = async () => 1;

`;
